// Jest Snapshot v1, https://goo.gl/fbAQLP

exports[`Test on <NotesScreen /> should match the snapshot correctly 1`] = `
<div
  className="notes__main-content"
>
  <div
    className="notes__appbar"
  >
    <span>
      Dec 31, 1969
    </span>
    <input
      data-testid="fileInput"
      id="imageSelector"
      name="imageSelector"
      onChange={[Function]}
      style={
        Object {
          "display": "none",
        }
      }
      type="file"
    />
    <div>
      <button
        className="btn"
        onClick={[Function]}
        type="button"
      >
        Picture
      </button>
      <button
        className="btn"
        onClick={[Function]}
        type="button"
      >
        Save
      </button>
    </div>
  </div>
  <div
    className="notes__content"
  >
    <input
      autoComplete="off"
      className="notes__title-input"
      name="title"
      onChange={[Function]}
      placeholder="Some awesome title"
      type="text"
      value="Test title"
    />
    <textarea
      className="notes__textarea"
      name="body"
      onChange={[Function]}
      placeholder="What happened today?"
      value="Test body"
    />
    <div
      className="notes__image"
    >
      <img
        alt="imagen"
        src="https://res.cloudinary.com/jperezc92/image/upload/v1627759301/ezxhoydkvqaidpcf6loq.png"
      />
    </div>
  </div>
  <button
    className="btn btn-danger"
    onClick={[Function]}
    type="button"
  >
    Delete
  </button>
</div>
`;
