// Jest Snapshot v1, https://goo.gl/fbAQLP

exports[`Test on <JournalEntry /> should match the snapshot correctly 1`] = `
<div
  className="journal__entry pointer animate__animated animate__fadeIn animate__faster"
  onClick={[Function]}
  role="listitem"
>
  <div
    className="journal__entry-picture"
    role="img"
    style={
      Object {
        "backgroundImage": "url(https://res.cloudinary.com/jperezc92/image/upload/v1627759301/ezxhoydkvqaidpcf6loq.png)",
        "backgroundSize": "cover",
      }
    }
  />
  <div
    className="journal__entry-body"
  >
    <p
      className="journal__entry-title"
    >
      Test title
    </p>
    <p
      className="journal__entry-content"
    >
      Test body
    </p>
  </div>
  <div
    className="journal__entry-date-box"
  >
    <span>
      Wednesday
    </span>
    <h4>
      31st
    </h4>
  </div>
</div>
`;
