// Jest Snapshot v1, https://goo.gl/fbAQLP

exports[`Test on <JournalScreen /> should match the snapshot correctly 1`] = `
<div
  className="journal__main-content animate__animated animate__fadeIn animate__faster"
>
  <aside
    className="journal__sidebar"
  >
    <div
      className="journal__sidebar-navbar mt-1"
    >
      <h3>
        <i
          className="far fa-moon"
        >
           
        </i>
        <span>
           
        </span>
      </h3>
      <button
        className="btn"
        onClick={[Function]}
        type="button"
      >
        Logout
      </button>
    </div>
    <div
      aria-label="button"
      className="journal__new-entry"
      onClick={[Function]}
    >
      <i
        className="far fa-calendar-plus fa-5x"
      />
      <p
        className="mt-5"
      >
        New entry
      </p>
    </div>
    <div
      className="journal__entries"
    />
  </aside>
  <main>
    <div
      className="nothing__main-content"
    >
      <p>
        Select something
        <br />
        or create an entry
      </p>
      <i
        className="far fa-star fa-4x mt-5"
      />
    </div>
  </main>
</div>
`;
